Archive member included because of file (symbol)

c:\program files (x86)\analog devices\gnu toolchain\2008r1.5\elf\bin\../bfin-elf/lib\libbffastfp.a(addfl64.o)
                              printf.o (__adddf3)
c:\program files (x86)\analog devices\gnu toolchain\2008r1.5\elf\bin\../bfin-elf/lib\libbffastfp.a(cmpfl64.o)
                              myfunc.o (__gtdf2)
c:\program files (x86)\analog devices\gnu toolchain\2008r1.5\elf\bin\../bfin-elf/lib\libbffastfp.a(divfl64.o)
                              myfunc.o (__divdf3)
c:\program files (x86)\analog devices\gnu toolchain\2008r1.5\elf\bin\../bfin-elf/lib\libbffastfp.a(f32tof64.o)
                              myfunc.o (__extendsfdf2)
c:\program files (x86)\analog devices\gnu toolchain\2008r1.5\elf\bin\../bfin-elf/lib\libbffastfp.a(f64tof32.o)
                              myfunc.o (__truncdfsf2)
c:\program files (x86)\analog devices\gnu toolchain\2008r1.5\elf\bin\../bfin-elf/lib\libbffastfp.a(f64toi32z.o)
                              printf.o (__fixdfsi)
c:\program files (x86)\analog devices\gnu toolchain\2008r1.5\elf\bin\../bfin-elf/lib\libbffastfp.a(fltcmp.o)
                              myfunc.o (__gtsf2)
c:\program files (x86)\analog devices\gnu toolchain\2008r1.5\elf\bin\../bfin-elf/lib\libbffastfp.a(fpadd.o)
                              myfunc.o (__subsf3)
c:\program files (x86)\analog devices\gnu toolchain\2008r1.5\elf\bin\../bfin-elf/lib\libbffastfp.a(fpdiv.o)
                              myfunc.o (__divsf3)
c:\program files (x86)\analog devices\gnu toolchain\2008r1.5\elf\bin\../bfin-elf/lib\libbffastfp.a(fpmult.o)
                              myfunc.o (__mulsf3)
c:\program files (x86)\analog devices\gnu toolchain\2008r1.5\elf\bin\../bfin-elf/lib\libbffastfp.a(i32tof64.o)
                              printf.o (__floatsidf)
c:\program files (x86)\analog devices\gnu toolchain\2008r1.5\elf\bin\../bfin-elf/lib\libbffastfp.a(mulfl64.o)
                              printf.o (__muldf3)
c:\program files (x86)\analog devices\gnu toolchain\2008r1.5\elf\bin\../bfin-elf/lib\libbffastfp.a(subfl64.o)
                              printf.o (__subdf3)

Allocating common symbols
Common symbol       size              file

imgWidth            0x4               srv.o
noBlobs             0x4               myfunc.o
rfailsafe           0x4               srv.o
j                   0x4               srv.o
Y2                  0x80              jpeg.o
blob_display_flag   0x4               srv.o
x_acc               0x4               srv.o
i                   0x4               srv.o
invert_flag         0x4               srv.o
blobcnt             0xfc              colors.o
segmentation_flag   0x4               srv.o
move_stop_time      0x4               srv.o
Temp                0x80              jpeg.o
compass_continuous_calibration
                    0x4               edit.o
Cqt                 0x40              jpeg.o
ymax                0x44              colors.o
czmax               0x2               srv.o
blobx1              0xfc              colors.o
pwm2_init           0x4               myfunc.o
Y3                  0x80              jpeg.o
base                0x8               malloc.o
sonar_data          0x14              srv.o
weights             0x1400            neural.o
teach_neurons       0x40              neural.o
nerror              0x80              neural.o
CStdOut             0xc               picoc/clibrary.o
y_acc0              0x4               srv.o
StringHashTable     0x184             picoc/table.o
CharArrayType       0x4               picoc/type.o
Y4                  0x80              jpeg.o
FunctionType        0x24              picoc/type.o
TypeType            0x24              picoc/type.o
umax                0x44              colors.o
ICqt                0x80              jpeg.o
hist0               0x400             colors.o
heap_end            0x4               malloc.o
quality             0x4               srv.o
move_start_time     0x4               srv.o
ExitBuf             0xa4              picoc/platform_surveyor.o
y_acc               0x4               srv.o
output_start        0x4               srv.o
sRch                0x1               myfunc.o
hist1               0x400             colors.o
lcount              0x4               myfunc.o
pwm1_init           0x4               myfunc.o
image_size          0x4               srv.o
ILqt                0x80              jpeg.o
heap_start          0x4               malloc.o
pwm1_mode           0x4               myfunc.o
neurons             0x180             neural.o
StringLiteralHashTable
                    0x184             picoc/variable.o
x_center            0x4               srv.o
blobix              0xfc              colors.o
EnumType            0x24              picoc/type.o
VoidType            0x24              picoc/type.o
lfailsafe           0x4               srv.o
edge_thresh         0x4               srv.o
compass_init        0x4               edit.o
cxmin               0x2               edit.o
horizon_detect_flag
                    0x4               srv.o
master              0x4               srv.o
bloby2              0xfc              colors.o
mean                0xc               colors.o
base_speed          0x4               myfunc.o
tilt_init           0x4               srv.o
rspeed2             0x4               myfunc.o
lspeed              0x4               myfunc.o
GlobalHashTable     0x184             picoc/variable.o
vmax                0x44              colors.o
CR                  0x80              jpeg.o
overlay_flag        0x4               srv.o
StringTable         0x8               picoc/table.o
lspeed2             0x4               myfunc.o
err1                0x4               myfunc.o
cp                  0x4               srv.o
Lqt                 0x40              jpeg.o
cymin               0x2               edit.o
ShortType           0x24              picoc/type.o
GlobalTable         0x8               picoc/variable.o
MacroType           0x24              picoc/type.o
CharType            0x24              picoc/type.o
output_end          0x4               srv.o
czmin               0x2               srv.o
sLch                0x1               myfunc.o
CB                  0x80              jpeg.o
pwm2_mode           0x4               myfunc.o
CharPtrType         0x4               picoc/type.o
obstacle_detect_flag
                    0x4               srv.o
cxmax               0x2               edit.o
fdct_temp           0x80              jpeg.o
gps_gga             0x18              gps.o
StringLiteralTable  0x8               picoc/variable.o
blob_display_num    0x4               srv.o
framecount          0x4               srv.o
VoidPtrType         0x4               picoc/type.o
vmin                0x44              colors.o
heap_ptr            0x4               malloc.o
LongType            0x24              picoc/type.o
bloby1              0xfc              colors.o
rcount              0x4               myfunc.o
x_acc0              0x4               srv.o
IntType             0x24              picoc/type.o
UnsignedLongType    0x24              picoc/type.o
imgHead             0xb               srv.o
read_format         0x4               jpeg.o
edge_detect_flag    0x4               srv.o
encoder_flag        0x4               myfunc.o
imgHeight           0x4               srv.o
UberType            0x24              picoc/type.o
failsafe_clock      0x4               srv.o
blobx2              0xfc              colors.o
move_time_mS        0x4               srv.o
dlist2              0xc               camera.o
y_center            0x4               srv.o
UnsignedIntType     0x24              picoc/type.o
UnsignedShortType   0x24              picoc/type.o
cymax               0x2               edit.o
xbuff               0x406             xmodem.o
xwd_init            0x4               myfunc.o
dlist1              0xc               camera.o
ymin                0x44              colors.o
umin                0x44              colors.o
rspeed              0x4               myfunc.o
base_speed2         0x4               myfunc.o
frame_diff_flag     0x4               srv.o
ix                  0x4               srv.o
Y1                  0x80              jpeg.o
robot_moving        0x4               srv.o

Memory Configuration

Name             Origin             Length             Attributes
ram              0x00000000         0x02000000         xrw
l1code           0xffa00000         0x00010000         x
l1data_a         0xff800000         0x00008000         rw
l1data_b         0xff900000         0x00008000         rw
scratchpad       0xffb00000         0x00001000         rw
*default*        0x00000000         0xffffffff

Linker script and memory map


.sdram.text
 camera.o(.sdram.text)
 edit.o(.sdram.text)
 httpd.o(.sdram.text)
 i2c.o(.sdram.text)
 stm_m25p32.o(.sdram.text)
 printf.o(.sdram.text)
 xmodem.o(.sdram.text)
 gps.o(.sdram.text)
 myfunc.o(.sdram.text)
 *(.gnu.warning)

.l1code         0xffa00000     0x8b10
 main.o(.text)
 .text          0xffa00000      0x4dc main.o
                0xffa00000                main
 math.o(.text)
 .text          0xffa004dc      0x200 math.o
                0xffa005a8                __umodsi3
                0xffa005da                __divsi3
                0xffa004dc                __udivsi3
 malloc.o(.text)
 .text          0xffa006dc      0x1a4 malloc.o
                0xffa007b8                morecore
                0xffa00730                free
                0xffa006dc                init_heap
                0xffa0071c                sbrk
                0xffa007fc                malloc
 string.o(.text)
 .text          0xffa00880      0x72c string.o
                0xffa00880                strcmp
                0xffa00bac                atoi_b10
                0xffa00acc                memcpy2
                0xffa00bc4                atof
                0xffa008fc                strncpy
                0xffa00934                atoi
                0xffa00ab0                memcpy
                0xffa00af0                memset
                0xffa00ddc                strtoksafe
                0xffa00b44                ctoi
                0xffa00a18                itoa
                0xffa00f84                strdup
                0xffa009e0                reverse
                0xffa00d34                strpbrk
                0xffa00f64                getUnaligned32
                0xffa00e90                strnstr
                0xffa008d4                strchr
                0xffa008ec                strcpy
                0xffa00d6c                strtok
                0xffa008a0                strncmp
                0xffa00aa4                isdigit
                0xffa009c0                strlen
                0xffa00b5c                atoi_b16
                0xffa00b04                memmove
                0xffa00ef4                strReplace
                0xffa00e40                strstr
 srv.o(.text)
 .text          0xffa00fac     0x4520 srv.o
                0xffa02580                motor_command
                0xffa036f0                process_i2c
                0xffa02f24                restore_video
                0xffa03ba8                xmodem_receive
                0xffa01c68                clearRTC
                0xffa01dfc                delayUS
                0xffa04580                motion_vect80x64
                0xffa02f70                invert_video
                0xffa0127c                grab_reference_frame
                0xffa01c78                delayMS
                0xffa02734                set_edge_thresh
                0xffa01e6c                delayNS
                0xffa017d0                setPPM1
                0xffa02110                rand
                0xffa0291c                testSD
                0xffa03638                tilt
                0xffa03acc                read_user_sector
                0xffa01a04                initRTC
                0xffa03f2c                serial_out_flashbuffer
                0xffa0131c                move_yuv422_to_planar
                0xffa05454                check_for_autorun
                0xffa03c10                camera_reset
                0xffa02fb8                init_tilt
                0xffa038dc                write_boot_flash
                0xffa036c4                read_tilt
                0xffa01478                initPWM
                0xffa021bc                intfromfourchars
                0xffa0156c                init_sonar
                0xffa01ef8                check_failsafe
                0xffa0290c                show_stack_ptr
                0xffa049f8                process_colors
                0xffa02ff4                laser_range
                0xffa028f4                show_heap_ptr
                0xffa026d0                overlay_on
                0xffa01730                setPWM2
                0xffa02870                lasers_off
                0xffa01108                clear_sdram
                0xffa0114c                led1_on
                0xffa0266c                change_image_quality
                0xffa01130                stack_remaining
                0xffa01948                check_bounds_0_100
                0xffa02964                encoder_4wd
                0xffa01254                move_image
                0xffa039b0                write_user_sector
                0xffa02b84                process_neuralnet
                0xffa024c8                motor2_command
                0xffa022e0                ppm2_command
                0xffa01644                setPWM
                0xffa014dc                initPWM2
                0xffa02248                read_encoders
                0xffa03458                show_laser_range
                0xffa03b7c                crc_flash_buffer
                0xffa04018                send_frame
                0xffa02848                check_battery
                0xffa02454                motor_increase_base_speed
                0xffa02818                ping_sonar
                0xffa03ebc                serial_out_httpbuffer
                0xffa02b58                read_analog_4wd
                0xffa01300                copy_image
                0xffa0278c                enable_horizon_detect
                0xffa01fb4                encoders
                0xffa02638                clear_flash_buffer
                0xffa0228c                enable_failsafe
                0xffa02890                lasers_on
                0xffa02340                ppm1_command
                0xffa023a0                motor_action
                0xffa01a24                readRTC
                0xffa01964                motor_trim_right
                0xffa0113c                led0_on
                0xffa019b4                motor_trim_left
                0xffa00fac                init_io
                0xffa028cc                serial_out_version
                0xffa01a98                sonar
                0xffa01f7c                init_encoders
                0xffa0115c                compute_frame_diff
                0xffa03ba0                launch_editor
                0xffa0470c                motion_vect_test
                0xffa027b4                enable_edge_detect
                0xffa047ec                grab_frame
                0xffa051d4                read_compass3x
                0xffa027dc                enable_segmentation
                0xffa03a10                write_user_flash
                0xffa03f94                send_80x64planar
                0xffa01ca8                motor_set
                0xffa0152c                initTMR4
                0xffa0159c                initPPM1
                0xffa05188                enable_blob_display
                0xffa0188c                setPPM2
                0xffa02210                intfromthreechars
                0xffa035b4                show_compass2x
                0xffa023e0                motor_decrease_base_speed
                0xffa015f0                initPPM2
                0xffa02764                enable_obstacle_detect
                0xffa03a3c                read_double_sector
                0xffa028b0                serial_out_time
                0xffa011b4                set_caption
                0xffa026e8                disable_frame_diff
                0xffa01360                scale_image_to_80x64_planar
                0xffa010dc                reset_cpu
                0xffa03b3c                read_user_flash
                0xffa03930                write_double_sector
                0xffa03474                analog
                0xffa01ee0                reset_failsafe_clock
                0xffa02a48                read_encoder_4wd
                0xffa02274                disable_failsafe
                0xffa03578                read_analog
                0xffa026b8                overlay_off
                0xffa053ec                show_compass3x
                0xffa027f4                enable_frame_diff
                0xffa03de8                camera_setup
                0xffa012b0                move_inverted
                0xffa02a74                analog_4wd
 uart.o(.text)
 .text          0xffa054cc      0x53c uart.o
                0xffa057ac                uart1SendChar
                0xffa05820                uart1GetCh
                0xffa05778                uart0GetChar
                0xffa05738                uart0SendChars
                0xffa0555c                suartPutChar
                0xffa0575c                uart0GetCh
                0xffa0570c                uart0SendString
                0xffa056dc                uart0SendChar
                0xffa05654                uart0_CTS
                0xffa054cc                waituntilNS
                0xffa057fc                uart1SendChars
                0xffa055f0                init_uart0
                0xffa0579c                uart0Signal
                0xffa05504                suartInit
                0xffa05870                printNumber
                0xffa05958                suartGetChar
                0xffa057d0                uart1SendString
                0xffa0583c                uart1GetChar
                0xffa05860                uart1Signal
                0xffa05678                init_uart1
 colors.o(.text)
 .text          0xffa05a08     0x11e0 colors.o
                0xffa05fb4                vmean
                0xffa06328                edge_detect
                0xffa06228                vfind
                0xffa064c0                svs_segcode
                0xffa06638                vhorizon
                0xffa06078                color_segment
                0xffa069f0                addvect
                0xffa05a8c                vblob
                0xffa06b2c                addbox
                0xffa06958                svs_segview
                0xffa05a08                init_colors
                0xffa068a0                vscan
                0xffa05ee8                vhist
                0xffa06a7c                addline
                0xffa05a58                vpix
 jpeg.o(.text)
 .text          0xffa06be8      0xd9c jpeg.o
                0xffa07794                DCT
                0xffa0718c                close_bitstream
                0xffa077a8                encodeMCU
                0xffa06cd4                huffman
                0xffa07200                write_markers
                0xffa078a4                encode_image
                0xffa07420                initialize_quantization_tables
                0xffa075e0                read_422_format
                0xffa06be8                initialization
                0xffa06cb4                levelshift
                0xffa07510                quantization
                0xffa07560                read_400_format
 r8x8dct.o(.text)
 *fill*         0xffa07984        0x4 00
 .text          0xffa07988       0xf0 r8x8dct.o
                0xffa07988                _r8x8dct
 motionvect.o(.text)
 .text          0xffa07a78      0x950 motionvect.o
                0xffa07ee0                hpel
                0xffa08240                _mve_core
                0xffa080f0                _hpel_core2
                0xffa07fd0                _hpel_core1
                0xffa07a78                _motionvect
 uart.o(.text)
 setjmp.o(.text)
 .text          0xffa083c8      0x184 setjmp.o
                0xffa083c8                longjmp
                0xffa08490                setjmp
 neural.o(.text)
 .text          0xffa0854c      0x5c4 neural.o
                0xffa088ec                nnpack8x8
                0xffa08ad8                nninit_network
                0xffa08968                nndisplay
                0xffa085e4                f_logic
                0xffa08644                nncalculate_network
                0xffa0872c                nncalculate_errors
                0xffa089fc                nntrain_network
                0xffa089e8                nninit_pattern
                0xffa0854c                nnset_pattern
                0xffa087e0                nnscale8x8

.text           0x00000000     0xca3c
 .text          0x00000000       0xf0 camera.o
                0x00000000                camera_init
                0x000000a8                camera_start
                0x000000cc                camera_stop
 .text          0x000000f0      0x33c edit.o
                0x00000288                insert_char
                0x00000138                find_next_line
                0x00000300                edit
                0x000001d4                find_buffer_end
                0x000000f0                delete_char
                0x0000021c                print_lines
                0x000002e0                print_help
                0x00000188                find_previous_line
 .text          0x0000042c     0x1a9c httpd.o
                0x000006e4                httpd_request
                0x0000042c                clean_buffer
                0x00000618                adminBodyBuilder
 .text          0x00001ec8      0x388 i2c.o
                0x00002158                i2cslowread
                0x00001f98                i2cwritex
                0x00001ec8                i2cwrite
                0x00002060                i2cread
 .text          0x00002250      0x4d4 stm_m25p32.o
                0x0000232c                SetupSPI
                0x000023ec                spi_read
                0x00002484                Wait_For_WEL
                0x0000230c                SPI_OFF
                0x000024ec                WriteFlash
                0x00002658                spi_write
                0x0000225c                spi_init_r
                0x000025dc                EraseBlock
                0x0000244c                Wait_For_Status
                0x000022a8                GetSectorNumber
                0x00002588                WriteData
                0x00002250                spi_init_f
                0x00002408                ReadStatusRegister
                0x000024b8                SendSingleCommand
                0x0000235c                ReadData
                0x00002268                Wait_For_SPIF
                0x000022d0                udelay
 .text          0x00002724      0x5d4 printf.o
                0x00002cc0                sprintf
                0x00002724                my_strlen
                0x0000274c                dbl2stri
                0x00002cdc                printf
 .text          0x00002cf8      0x4fc xmodem.o
                0x00002d84                xmodemTransmit
                0x00002d34                _inbyte
                0x00002cf8                crc16_ccitt
                0x00002ffc                xmodemReceive
 .text          0x000031f4      0xeb8 gps.o
                0x000033a0                tan
                0x000035cc                atan
                0x0000378c                gps_dist
                0x000034ac                asin
                0x000038b8                read_ublox
                0x0000353c                acos
                0x000036c4                gps_head
                0x000032d0                cos
                0x000031f4                sin
                0x00003900                gps_parse
                0x00004004                gps_show
                0x00003698                isqrt
 .text          0x000040ac      0x804 myfunc.o
                0x000040e0                getUserInput
                0x0000411c                sendReceive
                0x000042b4                myfunc
                0x00004248                followPath
                0x000041f0                readNumber
                0x000040ac                delay
 .text          0x000048b0       0xd0 init.o
                0x000048b0                initcode
 .text          0x00004980      0x4f8 sdcard.o
                0x00004b2c                GetCardParams
                0x000049c4                CloseSD
                0x00004d50                ReadMultipleBlocks
                0x00004c0c                EraseBlocks
                0x00004de8                WriteMultipleBlocks
                0x00004980                InitSD
                0x00004aa8                GetToken
                0x00004c64                WriteSector
                0x00004ae4                CardInit
                0x00004ce8                ReadSector
                0x00004a24                SendCommand
                0x000049d4                WriteByte
 .text          0x00004e78      0x128 picoc/picoc.o
                0x00004ef4                picoc
                0x00004e98                Initialise
                0x00004e78                Cleanup
 .text          0x00004fa0      0x288 picoc/table.o
                0x00005174                TableStrRegister
                0x00004fe0                TableGet
                0x00005060                TableStrFree
                0x000050a4                TableSetIdentifier
                0x000051d8                TableInitTable
                0x00005160                TableStrRegister2
                0x00005010                TableDelete
                0x00005190                TableSet
                0x000051ec                TableInit
 .text          0x00005228      0xf70 picoc/lex.o
                0x00005668                LexInteractiveClear
                0x0000616c                LexInit
                0x000057fc                LexGetCharacterConstant
                0x000055d4                LexInitParser
                0x00005378                LexUnEscapeCharacterConstant
                0x00005854                LexGetWord
                0x000056b4                LexCleanup
                0x00005228                LexCheckReservedWord
                0x00005604                LexInteractiveCompleted
                0x000056bc                LexCopyTokens
                0x000055f4                LexInteractiveStatementPrompt
                0x00005420                LexUnEscapeCharacter
                0x00006138                LexToEndOfLine
                0x00005250                LexGetNumber
                0x00005e34                LexAnalyse
                0x00005e58                LexGetToken
                0x0000551c                LexSkipComment
                0x000055ac                LexTokenSize
                0x000059f4                LexScanGetToken
                0x00005d74                LexTokenise
                0x000058d8                LexGetStringConstant
 .text          0x00006198      0xec8 picoc/parse.o
                0x000063e0                ParseFunctionDefinition
                0x00006e30                ParseBlock
                0x000066a8                ParseDeclaration
                0x000061ac                ParseCleanup
                0x00006198                ParserCopyPos
                0x00006264                ParseDeclarationAssignment
                0x00006ec0                ParseStatementMaybeRun
                0x00006ef8                ParseFor
                0x00006db0                Parse
                0x000067fc                ParseStatement
                0x000061c0                ParseMacroDefinition
                0x00006d28                ParseInteractive
 .text          0x00007060     0x1644 picoc/expression.o
                0x000073bc                ExpressionPostfixOperator
                0x000083ac                ExpressionParseInt
                0x000072f4                ExpressionPushInt
                0x00007708                ExpressionAssignToPointer
                0x0000780c                ExpressionAssign
                0x0000706c                ExpressionCoerceInteger
                0x000071a4                ExpressionGetStructElement
                0x0000732c                ExpressionStackPushDereference
                0x00007504                ExpressionPrefixOperator
                0x00007150                ExpressionStackPushOperator
                0x000070dc                ExpressionAssignInt
                0x00007060                debugf
                0x00007d8c                ExpressionStackCollapse
                0x0000738c                ExpressionStackPushValueByType
                0x00007ecc                ExpressionStackPushValue
                0x00008428                ExpressionParseFunctionCall
                0x00007a04                ExpressionInfixOperator
                0x000070a4                ExpressionCoerceUnsignedInteger
                0x00007180                ExpressionStackPushValueNode
                0x00007ef0                ExpressionParse
                0x00007e9c                ExpressionStackPushLValue
 .text          0x000086a4      0x248 picoc/heap.o
                0x000088a4                HeapAllocStack
                0x00008734                HeapPushStackFrame
                0x00008754                HeapPopStackFrame
                0x00008778                HeapFreeMem
                0x0000870c                HeapPopStack
                0x000086f4                HeapUnpopStack
                0x000086a4                HeapInit
                0x000087d0                HeapAllocMem
 .text          0x000088ec      0x9c8 picoc/type.o
                0x00008920                TypeStackSizeValue
                0x000089f4                TypeInit
                0x00009264                TypeCleanupNode
                0x00008984                TypeAddBaseType
                0x00008d10                TypeParseStruct
                0x0000896c                TypeSizeAlignment
                0x000092a8                TypeCleanup
                0x00008940                TypeSize
                0x0000907c                TypeParse
                0x000090a8                TypeParseIdentPart
                0x00008b38                TypeGetMatching
                0x00008ef4                TypeParseFront
                0x000088ec                TypeSizeValue
                0x000089b4                TypeAdd
                0x00008bac                TypeParseEnum
 .text          0x000092b4      0x5d4 picoc/variable.o
                0x00009330                VariableDefined
                0x000095c8                VariableStackPop
                0x000093e0                VariableStackFramePop
                0x000096d4                VariableAllocValueAndData
                0x0000970c                VariableDefinePlatformVar
                0x000094fc                VariableFree
                0x000095a8                VariableCleanup
                0x000092f4                VariableStringLiteralDefine
                0x000097cc                VariableAllocValueFromType
                0x0000955c                VariableTableCleanup
                0x00009308                VariableStringLiteralGet
                0x000094ac                VariableInit
                0x00009430                VariableStackFrameAdd
                0x00009388                VariableGet
                0x00009788                VariableAllocValueAndCopy
                0x000096ac                VariableAllocValueShared
                0x00009674                VariableAllocValueFromExistingData
                0x0000962c                VariableAlloc
                0x00009800                VariableDefine
                0x000092b4                VariableDereferencePointer
 .text          0x00009888      0x974 picoc/clibrary.o
                0x00009dd0                LibMemset
                0x00009b2c                LibStrcpy
                0x00009a10                PrintType
                0x0000a0c0                LibPrintf
                0x000099c4                PrintInt
                0x00009e14                LibExit
                0x000098a0                PrintStr
                0x00009e30                LibGets
                0x00009db4                LibMemcpy
                0x00009888                SPutc
                0x000098c8                PrintRepeatedChar
                0x000098f0                PrintUnsigned
                0x0000a074                LibSPrintf
                0x00009e6c                GenericPrintf
                0x00009ba0                LibStrcmp
                0x00009cd8                LibRindex
                0x00009d14                LibStrlen
                0x00009b58                LibStrncpy
                0x00009c98                LibIndex
                0x00009894                PrintCh
                0x0000a15c                LibraryInit
                0x00009de8                LibFree
                0x00009c5c                LibStrcat
                0x0000a0e4                CLibraryInit
                0x00009d44                LibMemcmp
                0x00009be8                LibStrncmp
                0x00009e18                LibGetc
                0x00009df4                LibMalloc
 .text          0x0000a1fc     0x1774 picoc/library_surveyor.o
                0x0000a9c4                Ctan
                0x0000b030                Cvrcap
                0x0000aa24                Cwritei2c
                0x0000b098                Csonar
                0x0000a898                Cnninit
                0x0000b53c                Cread_int
                0x0000aa04                Csin
                0x0000b484                Cencoders
                0x0000a22c                Cioread
                0x0000a634                Cnnmatchblob
                0x0000b1f4                Cinit_uart1
                0x0000a2f4                Claser
                0x0000aa58                Cvcam
                0x0000af70                Cvscan
                0x0000b07c                Crange
                0x0000ab1c                Cgps
                0x0000a358                Cvcolor
                0x0000b318                Cmotors2
                0x0000a89c                Csqrt
                0x0000b200                Coutput1
                0x0000a604                Cnnshow
                0x0000b17c                Cservos
                0x0000ad84                Cvsend
                0x0000a9e4                Ccos
                0x0000a94c                Cacos
                0x0000ac68                Ccompassx
                0x0000b104                Cservos2
                0x0000ace0                Ccompass
                0x0000a498                Cautorun
                0x0000b3b4                Cmotors
                0x0000abb0                Canalog
                0x0000a988                Casin
                0x0000b4d4                Cread_str
                0x0000a2b8                Cpoke
                0x0000b034                Cvcap
                0x0000a8f0                Cgps_head
                0x0000afe4                Cvpix
                0x0000add8                Cvjpeg
                0x0000a338                Cbattery
                0x0000a43c                Cabs
                0x0000a924                Catan
                0x0000ac30                Ctilt
                0x0000a558                Cnnlearnblob
                0x0000aae4                Creadi2c
                0x0000ab7c                Canalogx
                0x0000a450                Clineno
                0x0000b5a4                Cinput1
                0x0000a45c                Cerrormsg
                0x0000aaa4                Creadi2c2
                0x0000a264                Cpeek
                0x0000b588                Cinput
                0x0000b4ac                Crand
                0x0000a480                Ctime
                0x0000b038                Cvfind
                0x0000a810                Cnntrain
                0x0000a3d4                Cvdiff
                0x0000a1fc                Ciodir
                0x0000b5c0                Csignal1
                0x0000b450                Cencoderx
                0x0000ad60                Cdelay
                0x0000a3e8                Ccompassxcal
                0x0000ae3c                Cvblob
                0x0000b5f8                PlatformLibraryInit
                0x0000ad78                Coutput
                0x0000a748                Cnntest
                0x0000a50c                Cnnset
                0x0000b20c                Cmotorx
                0x0000a244                Ciowrite
                0x0000a8bc                Cgps_dist
                0x0000b5dc                Csignal
                0x0000af30                Cvmean
 .text          0x0000b970      0x35c picoc/platform.o
                0x0000ba74                PlatformPrintf
                0x0000bbf4                PlatformErrorPrefix
                0x0000bbb8                LexFail
                0x0000ba90                PrintSourceTextErrorLine
                0x0000bc44                AssignFail
                0x0000b970                PlatformVPrintf
                0x0000bc14                ProgramFail
 .text          0x0000bccc       0xcc picoc/platform_surveyor.o
                0x0000bd04                PlatformPutc
                0x0000bd30                PlatformGetLine
                0x0000bccc                PlatformCleanup
                0x0000bcf4                PlatformGetCharacter
                0x0000bcd8                PlatformExit
 .text          0x0000bd98      0x2b0 c:\program files (x86)\analog devices\gnu toolchain\2008r1.5\elf\bin\../bfin-elf/lib\libbffastfp.a(addfl64.o)
                0x0000bd9a                __adddf3_inregs
                0x0000bd98                __adddf3
 .text          0x0000c048       0x80 c:\program files (x86)\analog devices\gnu toolchain\2008r1.5\elf\bin\../bfin-elf/lib\libbffastfp.a(cmpfl64.o)
                0x0000c048                __ledf2
                0x0000c048                __nedf2
                0x0000c048                __gedf2
                0x0000c048                __gtdf2
                0x0000c048                __eqdf2
                0x0000c048                __cmpdf2
                0x0000c048                __ltdf2
 .text          0x0000c0c8      0x1cc c:\program files (x86)\analog devices\gnu toolchain\2008r1.5\elf\bin\../bfin-elf/lib\libbffastfp.a(divfl64.o)
                0x0000c0c8                __divdf3
 .text          0x0000c294       0x44 c:\program files (x86)\analog devices\gnu toolchain\2008r1.5\elf\bin\../bfin-elf/lib\libbffastfp.a(f32tof64.o)
                0x0000c294                __extendsfdf2
 .text          0x0000c2d8       0x80 c:\program files (x86)\analog devices\gnu toolchain\2008r1.5\elf\bin\../bfin-elf/lib\libbffastfp.a(f64tof32.o)
                0x0000c2d8                __truncdfsf2
 .text          0x0000c358       0x74 c:\program files (x86)\analog devices\gnu toolchain\2008r1.5\elf\bin\../bfin-elf/lib\libbffastfp.a(f64toi32z.o)
                0x0000c358                __fixdfsi
 .text          0x0000c3cc       0x40 c:\program files (x86)\analog devices\gnu toolchain\2008r1.5\elf\bin\../bfin-elf/lib\libbffastfp.a(fltcmp.o)
                0x0000c3cc                __cmpsf2
                0x0000c3cc                __nesf2
                0x0000c3cc                __gtsf2
                0x0000c3cc                __lesf2
                0x0000c3cc                __eqsf2
                0x0000c3cc                __gesf2
                0x0000c3cc                __ltsf2
 .text          0x0000c40c      0x180 c:\program files (x86)\analog devices\gnu toolchain\2008r1.5\elf\bin\../bfin-elf/lib\libbffastfp.a(fpadd.o)
                0x0000c40c                __subsf3
                0x0000c40e                __addsf3
 .text          0x0000c58c       0xec c:\program files (x86)\analog devices\gnu toolchain\2008r1.5\elf\bin\../bfin-elf/lib\libbffastfp.a(fpdiv.o)
                0x0000c58c                __divsf3
 .text          0x0000c678      0x130 c:\program files (x86)\analog devices\gnu toolchain\2008r1.5\elf\bin\../bfin-elf/lib\libbffastfp.a(fpmult.o)
                0x0000c678                __mulsf3
 .text          0x0000c7a8       0x3c c:\program files (x86)\analog devices\gnu toolchain\2008r1.5\elf\bin\../bfin-elf/lib\libbffastfp.a(i32tof64.o)
                0x0000c7a8                __floatsidf
 .text          0x0000c7e4      0x250 c:\program files (x86)\analog devices\gnu toolchain\2008r1.5\elf\bin\../bfin-elf/lib\libbffastfp.a(mulfl64.o)
                0x0000c7e4                __muldf3
 .text          0x0000ca34        0x8 c:\program files (x86)\analog devices\gnu toolchain\2008r1.5\elf\bin\../bfin-elf/lib\libbffastfp.a(subfl64.o)
                0x0000ca34                __subdf3

.l1data         0xff800000     0x28d4
 *(.data)
 .data          0xff800000        0x0 camera.o
 .data          0xff800000        0x0 edit.o
 .data          0xff800000     0x10a8 httpd.o
                0xff800000                adminHtml
 .data          0xff8010a8        0x0 i2c.o
 .data          0xff8010a8        0x0 stm_m25p32.o
 .data          0xff8010a8        0x0 printf.o
 .data          0xff8010a8        0x0 xmodem.o
 .data          0xff8010a8        0x0 gps.o
 .data          0xff8010a8        0x8 myfunc.o
                0xff8010a8                ref_Ang
                0xff8010ac                ang
 .data          0xff8010b0        0x0 main.o
 .data          0xff8010b0        0x0 math.o
 .data          0xff8010b0        0x0 malloc.o
 .data          0xff8010b0        0x0 string.o
 .data          0xff8010b0      0xa70 srv.o
                0xff8014b8                version_string
                0xff8010b8                font8x8
                0xff8010b0                fontmask
                0xff8014ec                frame
                0xff80150c                rand_seed
 .data          0xff801b20        0x0 uart.o
 .data          0xff801b20        0x0 colors.o
 .data          0xff801b20      0x8f0 jpeg.o
                0xff802350                zigzag_table
                0xff801b78                chrominance_dc_size_table
                0xff801e18                chrominance_ac_code_table
                0xff801cd4                luminance_ac_size_table
                0xff801b90                luminance_ac_code_table
                0xff801b48                luminance_dc_size_table
                0xff801b60                chrominance_dc_code_table
                0xff802390                luminance_quant_table
                0xff8021a0                markerdata
                0xff801b30                luminance_dc_code_table
                0xff801b20                fdct_coeff
                0xff8023d0                chrominance_quant_table
                0xff8020a0                bitsize
                0xff801f5c                chrominance_ac_size_table
 .data          0xff802410        0x0 r8x8dct.o
 .data          0xff802410        0x0 motionvect.o
 .data          0xff802410        0x0 setjmp.o
 .data          0xff802410       0x8c neural.o
                0xff802414                npattern
                0xff802494                nmask
                0xff802410                learn
 .data          0xff80249c        0x0 init.o
 .data          0xff80249c        0x0 sdcard.o
 .data          0xff80249c        0x0 picoc/picoc.o
 .data          0xff80249c        0x0 picoc/table.o
 .data          0xff80249c      0x154 picoc/lex.o
 .data          0xff8025f0        0x0 picoc/parse.o
 .data          0xff8025f0        0x0 picoc/expression.o
 .data          0xff8025f0       0x10 picoc/heap.o
                0xff8025f4                HeapMemStart
                0xff8025f0                HeapStackTop
 .data          0xff802600        0x0 picoc/type.o
 .data          0xff802600        0x0 picoc/variable.o
 .data          0xff802600       0x9c picoc/clibrary.o
                0xff802600                CLibrary
 .data          0xff80269c      0x238 picoc/library_surveyor.o
                0xff80269c                PlatformLibrary
 .data          0xff8028d4        0x0 picoc/platform.o
 .data          0xff8028d4        0x0 picoc/platform_surveyor.o
 .data          0xff8028d4        0x0 c:\program files (x86)\analog devices\gnu toolchain\2008r1.5\elf\bin\../bfin-elf/lib\libbffastfp.a(addfl64.o)
 .data          0xff8028d4        0x0 c:\program files (x86)\analog devices\gnu toolchain\2008r1.5\elf\bin\../bfin-elf/lib\libbffastfp.a(cmpfl64.o)
 .data          0xff8028d4        0x0 c:\program files (x86)\analog devices\gnu toolchain\2008r1.5\elf\bin\../bfin-elf/lib\libbffastfp.a(divfl64.o)
 .data          0xff8028d4        0x0 c:\program files (x86)\analog devices\gnu toolchain\2008r1.5\elf\bin\../bfin-elf/lib\libbffastfp.a(f32tof64.o)
 .data          0xff8028d4        0x0 c:\program files (x86)\analog devices\gnu toolchain\2008r1.5\elf\bin\../bfin-elf/lib\libbffastfp.a(f64tof32.o)
 .data          0xff8028d4        0x0 c:\program files (x86)\analog devices\gnu toolchain\2008r1.5\elf\bin\../bfin-elf/lib\libbffastfp.a(f64toi32z.o)
 .data          0xff8028d4        0x0 c:\program files (x86)\analog devices\gnu toolchain\2008r1.5\elf\bin\../bfin-elf/lib\libbffastfp.a(fltcmp.o)
 .data          0xff8028d4        0x0 c:\program files (x86)\analog devices\gnu toolchain\2008r1.5\elf\bin\../bfin-elf/lib\libbffastfp.a(fpadd.o)
 .data          0xff8028d4        0x0 c:\program files (x86)\analog devices\gnu toolchain\2008r1.5\elf\bin\../bfin-elf/lib\libbffastfp.a(fpdiv.o)
 .data          0xff8028d4        0x0 c:\program files (x86)\analog devices\gnu toolchain\2008r1.5\elf\bin\../bfin-elf/lib\libbffastfp.a(fpmult.o)
 .data          0xff8028d4        0x0 c:\program files (x86)\analog devices\gnu toolchain\2008r1.5\elf\bin\../bfin-elf/lib\libbffastfp.a(i32tof64.o)
 .data          0xff8028d4        0x0 c:\program files (x86)\analog devices\gnu toolchain\2008r1.5\elf\bin\../bfin-elf/lib\libbffastfp.a(mulfl64.o)
 .data          0xff8028d4        0x0 c:\program files (x86)\analog devices\gnu toolchain\2008r1.5\elf\bin\../bfin-elf/lib\libbffastfp.a(subfl64.o)
 *(.l1data)
 *(.l1data.a)

.l1data.b
 *(.l1data.b)

.rodata         0xff8028d4     0x3af4
 *(.rodata .rodata.* .gnu.linkonce.r.*)
 .rodata.str1.4
                0xff8028d4       0xb6 edit.o
                                 0xb8 (size before relaxing)
 *fill*         0xff80298a        0x2 00
 .rodata        0xff80298c       0x5c edit.o
 .rodata.str1.4
                0xff8029e8      0x475 httpd.o
                                0x48c (size before relaxing)
 *fill*         0xff802e5d        0x3 00
 .rodata        0xff802e60      0x3c8 httpd.o
 .rodata.str1.4
                0xff803228        0x7 printf.o
                                  0x8 (size before relaxing)
 *fill*         0xff80322f        0x1 00
 .rodata        0xff803230       0x84 printf.o
 .rodata        0xff8032b4      0x200 xmodem.o
 .rodata.str1.4
                0xff8034b4       0x96 gps.o
                                 0x98 (size before relaxing)
 *fill*         0xff80354a        0x2 00
 .rodata        0xff80354c      0x16c gps.o
 .rodata.str1.4
                0xff8036b8       0xeb myfunc.o
                                 0xec (size before relaxing)
 *fill*         0xff8037a3        0x1 00
 .rodata        0xff8037a4       0xc8 myfunc.o
 .rodata.str1.4
                0xff80386c       0x3b main.o
                                 0x44 (size before relaxing)
 *fill*         0xff8038a7        0x1 00
 .rodata        0xff8038a8      0x394 main.o
 .rodata        0xff803c3c      0x1bc srv.o
 .rodata.str1.4
                0xff803df8      0x839 srv.o
                                0x874 (size before relaxing)
 *fill*         0xff804631        0x3 00
 .rodata        0xff804634       0x10 uart.o
 .rodata.str1.4
                0xff804644        0x4 neural.o
                                  0xc (size before relaxing)
 .rodata.str1.4
                0xff804648       0x37 picoc/picoc.o
                                 0x38 (size before relaxing)
 *fill*         0xff80467f        0x1 00
 .rodata.str1.4
                0xff804680        0xe picoc/table.o
                                 0x14 (size before relaxing)
 *fill*         0xff80468e        0x2 00
 .rodata        0xff804690      0x2e8 picoc/lex.o
 .rodata.str1.4
                0xff804978       0xf6 picoc/lex.o
                                0x110 (size before relaxing)
 *fill*         0xff804a6e        0x2 00
 .rodata.str1.4
                0xff804a70      0x1f4 picoc/parse.o
                                0x1f8 (size before relaxing)
 .rodata        0xff804c64      0x100 picoc/parse.o
 .rodata        0xff804d64      0x31c picoc/expression.o
 .rodata.str1.4
                0xff805080      0x3da picoc/expression.o
                                0x430 (size before relaxing)
 *fill*         0xff80545a        0x2 00
 .rodata.str1.4
                0xff80545c      0x12d picoc/type.o
                                0x164 (size before relaxing)
 *fill*         0xff805589        0x3 00
 .rodata        0xff80558c       0x2c picoc/type.o
 .rodata.str1.4
                0xff8055b8       0x2f picoc/variable.o
                                 0x6c (size before relaxing)
 *fill*         0xff8055e7        0x1 00
 .rodata.str1.4
                0xff8055e8      0x257 picoc/clibrary.o
                                0x294 (size before relaxing)
 *fill*         0xff80583f        0x1 00
 .rodata        0xff805840       0x9c picoc/clibrary.o
 .rodata.str1.4
                0xff8058dc      0xaa7 picoc/library_surveyor.o
                                0xabc (size before relaxing)
 *fill*         0xff806383        0x1 00
 .rodata.str1.4
                0xff806384       0x44 picoc/platform.o
                                 0x50 (size before relaxing)
 .rodata.str1.4
                0x00000000       0x10 picoc/platform_surveyor.o

.data
 *(.data .data.* .gnu.linkonce.d.*)

.ctors
 *crtbegin*.o(.ctors)
 *(EXCLUDE_FILE(*crtend*.o) .ctors)
 *(SORT(.ctors.*))
 *(.ctors)

.dtors
 *crtbegin*.o(.dtors)
 *(EXCLUDE_FILE(*crtend*.o) .dtors)
 *(SORT(.dtors.*))
 *(.dtors)

.sdram.bss      0x0000ca3c        0x0
                0x0000ca3c                __sdram_bss_start = .
 *(.bss.sdram)
                0x0000ca3c                . = ALIGN (0x4)
                0x0000ca3c                __sdram_bss_end = .

.bss            0xff900000     0x3c98
                0xff900000                __bss_start = .
 *(.dynbss)
 *(.bss .bss.* .gnu.linkonce.b.*)
 .bss           0xff900000        0x0 camera.o
 .bss           0xff900000       0x10 edit.o
 .bss           0xff900010      0x280 httpd.o
 .bss           0xff900290        0x0 i2c.o
 .bss           0xff900290        0x0 stm_m25p32.o
 .bss           0xff900290       0x54 printf.o
 .bss           0xff9002e4        0x0 xmodem.o
 .bss           0xff9002e4        0x8 gps.o
 .bss           0xff9002ec        0x8 myfunc.o
                0xff9002f0                V_r
                0xff9002ec                V_l
 .bss           0xff9002f4        0x0 main.o
 .bss           0xff9002f4        0x0 math.o
 .bss           0xff9002f4        0x4 malloc.o
                0xff9002f4                allocp
 .bss           0xff9002f8        0x4 string.o
 .bss           0xff9002fc        0xc srv.o
                0xff900300                sonar_flag
                0xff9002fc                failsafe_mode
                0xff900304                uart1_flag
 .bss           0xff900308        0x4 uart.o
 .bss           0xff90030c       0x50 colors.o
 .bss           0xff90035c        0x8 jpeg.o
                0xff90035c                lcode
                0xff900360                bitindex
 .bss           0xff900364        0x0 r8x8dct.o
 .bss           0xff900364        0x0 motionvect.o
 .bss           0xff900364        0x0 setjmp.o
 .bss           0xff900364        0x0 neural.o
 .bss           0xff900364        0x0 init.o
 .bss           0xff900364        0x0 sdcard.o
 .bss           0xff900364        0x0 picoc/picoc.o
 .bss           0xff900364        0x4 picoc/table.o
                0xff900364                StrEmpty
 .bss           0xff900368       0x44 picoc/lex.o
 .bss           0xff9003ac        0x4 picoc/parse.o
 .bss           0xff9003b0        0x0 picoc/expression.o
 .bss           0xff9003b0       0x24 picoc/heap.o
 .bss           0xff9003d4        0x0 picoc/type.o
 .bss           0xff9003d4        0x4 picoc/variable.o
                0xff9003d4                TopStackFrame
 .bss           0xff9003d8        0x4 picoc/clibrary.o
 .bss           0xff9003dc       0xdc picoc/library_surveyor.o
 .bss           0xff9004b8        0x0 picoc/platform.o
 .bss           0xff9004b8        0x0 picoc/platform_surveyor.o
 .bss           0xff9004b8        0x0 c:\program files (x86)\analog devices\gnu toolchain\2008r1.5\elf\bin\../bfin-elf/lib\libbffastfp.a(addfl64.o)
 .bss           0xff9004b8        0x0 c:\program files (x86)\analog devices\gnu toolchain\2008r1.5\elf\bin\../bfin-elf/lib\libbffastfp.a(cmpfl64.o)
 .bss           0xff9004b8        0x0 c:\program files (x86)\analog devices\gnu toolchain\2008r1.5\elf\bin\../bfin-elf/lib\libbffastfp.a(divfl64.o)
 .bss           0xff9004b8        0x0 c:\program files (x86)\analog devices\gnu toolchain\2008r1.5\elf\bin\../bfin-elf/lib\libbffastfp.a(f32tof64.o)
 .bss           0xff9004b8        0x0 c:\program files (x86)\analog devices\gnu toolchain\2008r1.5\elf\bin\../bfin-elf/lib\libbffastfp.a(f64tof32.o)
 .bss           0xff9004b8        0x0 c:\program files (x86)\analog devices\gnu toolchain\2008r1.5\elf\bin\../bfin-elf/lib\libbffastfp.a(f64toi32z.o)
 .bss           0xff9004b8        0x0 c:\program files (x86)\analog devices\gnu toolchain\2008r1.5\elf\bin\../bfin-elf/lib\libbffastfp.a(fltcmp.o)
 .bss           0xff9004b8        0x0 c:\program files (x86)\analog devices\gnu toolchain\2008r1.5\elf\bin\../bfin-elf/lib\libbffastfp.a(fpadd.o)
 .bss           0xff9004b8        0x0 c:\program files (x86)\analog devices\gnu toolchain\2008r1.5\elf\bin\../bfin-elf/lib\libbffastfp.a(fpdiv.o)
 .bss           0xff9004b8        0x0 c:\program files (x86)\analog devices\gnu toolchain\2008r1.5\elf\bin\../bfin-elf/lib\libbffastfp.a(fpmult.o)
 .bss           0xff9004b8        0x0 c:\program files (x86)\analog devices\gnu toolchain\2008r1.5\elf\bin\../bfin-elf/lib\libbffastfp.a(i32tof64.o)
 .bss           0xff9004b8        0x0 c:\program files (x86)\analog devices\gnu toolchain\2008r1.5\elf\bin\../bfin-elf/lib\libbffastfp.a(mulfl64.o)
 .bss           0xff9004b8        0x0 c:\program files (x86)\analog devices\gnu toolchain\2008r1.5\elf\bin\../bfin-elf/lib\libbffastfp.a(subfl64.o)
 *(COMMON)
 COMMON         0xff9004b8       0x18 camera.o
                0xff9004b8                dlist2
                0xff9004c4                dlist1
 COMMON         0xff9004d0       0x10 edit.o
                0xff9004d0                compass_continuous_calibration
                0xff9004d4                compass_init
                0xff9004d8                cxmin
                0xff9004da                cymin
                0xff9004dc                cxmax
                0xff9004de                cymax
 COMMON         0xff9004e0      0x406 xmodem.o
                0xff9004e0                xbuff
 *fill*         0xff9008e6        0x2 00
 COMMON         0xff9008e8       0x18 gps.o
                0xff9008e8                gps_gga
 COMMON         0xff900900       0x48 myfunc.o
                0xff900900                noBlobs
                0xff900904                pwm2_init
                0xff900908                sRch
                0xff90090c                lcount
                0xff900910                pwm1_init
                0xff900914                pwm1_mode
                0xff900918                base_speed
                0xff90091c                rspeed2
                0xff900920                lspeed
                0xff900924                lspeed2
                0xff900928                err1
                0xff90092c                sLch
                0xff900930                pwm2_mode
                0xff900934                rcount
                0xff900938                encoder_flag
                0xff90093c                xwd_init
                0xff900940                rspeed
                0xff900944                base_speed2
 COMMON         0xff900948       0x14 malloc.o
                0xff900948                base
                0xff900950                heap_end
                0xff900954                heap_start
                0xff900958                heap_ptr
 COMMON         0xff90095c       0xb8 srv.o
                0xff90095c                imgWidth
                0xff900960                rfailsafe
                0xff900964                j
                0xff900968                blob_display_flag
                0xff90096c                x_acc
                0xff900970                i
                0xff900974                invert_flag
                0xff900978                segmentation_flag
                0xff90097c                move_stop_time
                0xff900980                czmax
                0xff900984                sonar_data
                0xff900998                y_acc0
                0xff90099c                quality
                0xff9009a0                move_start_time
                0xff9009a4                y_acc
                0xff9009a8                output_start
                0xff9009ac                image_size
                0xff9009b0                x_center
                0xff9009b4                lfailsafe
                0xff9009b8                edge_thresh
                0xff9009bc                horizon_detect_flag
                0xff9009c0                master
                0xff9009c4                tilt_init
                0xff9009c8                overlay_flag
                0xff9009cc                cp
                0xff9009d0                output_end
                0xff9009d4                czmin
                0xff9009d8                obstacle_detect_flag
                0xff9009dc                blob_display_num
                0xff9009e0                framecount
                0xff9009e4                x_acc0
                0xff9009e8                imgHead
                0xff9009f4                edge_detect_flag
                0xff9009f8                imgHeight
                0xff9009fc                failsafe_clock
                0xff900a00                move_time_mS
                0xff900a04                y_center
                0xff900a08                frame_diff_flag
                0xff900a0c                ix
                0xff900a10                robot_moving
 COMMON         0xff900a14      0xf8c colors.o
                0xff900a14                blobcnt
                0xff900b10                ymax
                0xff900b54                blobx1
                0xff900c50                umax
                0xff900c94                hist0
                0xff901094                hist1
                0xff901494                blobix
                0xff901590                bloby2
                0xff90168c                mean
                0xff901698                vmax
                0xff9016dc                vmin
                0xff901720                bloby1
                0xff90181c                blobx2
                0xff901918                ymin
                0xff90195c                umin
 COMMON         0xff9019a0      0x584 jpeg.o
                0xff9019a0                Y2
                0xff901a20                Temp
                0xff901aa0                Cqt
                0xff901ae0                Y3
                0xff901b60                Y4
                0xff901be0                ICqt
                0xff901c60                ILqt
                0xff901ce0                CR
                0xff901d60                Lqt
                0xff901da0                CB
                0xff901e20                fdct_temp
                0xff901ea0                read_format
                0xff901ea4                Y1
 COMMON         0xff901f24     0x1640 neural.o
                0xff901f24                weights
                0xff903324                teach_neurons
                0xff903364                nerror
                0xff9033e4                neurons
 COMMON         0xff903564      0x18c picoc/table.o
                0xff903564                StringHashTable
                0xff9036e8                StringTable
 COMMON         0xff9036f0      0x1e0 picoc/type.o
                0xff9036f0                CharArrayType
                0xff9036f4                FunctionType
                0xff903718                TypeType
                0xff90373c                EnumType
                0xff903760                VoidType
                0xff903784                ShortType
                0xff9037a8                MacroType
                0xff9037cc                CharType
                0xff9037f0                CharPtrType
                0xff9037f4                VoidPtrType
                0xff9037f8                LongType
                0xff90381c                IntType
                0xff903840                UnsignedLongType
                0xff903864                UberType
                0xff903888                UnsignedIntType
                0xff9038ac                UnsignedShortType
 COMMON         0xff9038d0      0x318 picoc/variable.o
                0xff9038d0                StringLiteralHashTable
                0xff903a54                GlobalHashTable
                0xff903bd8                GlobalTable
                0xff903be0                StringLiteralTable
 COMMON         0xff903be8        0xc picoc/clibrary.o
                0xff903be8                CStdOut
 COMMON         0xff903bf4       0xa4 picoc/platform_surveyor.o
                0xff903bf4                ExitBuf
                0xff903c98                . = ALIGN (0x4)
                0xff903c98                __bss_end = .
                0xffb00ffc                . = 0xffb00ffc
                0xffb00ffc                PROVIDE (_supervisor_stack, .)
LOAD init.o
LOAD main.o
LOAD srv.o
LOAD uart.o
LOAD camera.o
LOAD jpeg.o
LOAD i2c.o
LOAD stm_m25p32.o
LOAD httpd.o
LOAD xmodem.o
LOAD colors.o
LOAD edit.o
LOAD malloc.o
LOAD string.o
LOAD printf.o
LOAD myfunc.o
LOAD neural.o
LOAD gps.o
LOAD sdcard.o
LOAD picoc/picoc.o
LOAD picoc/table.o
LOAD picoc/lex.o
LOAD picoc/parse.o
LOAD picoc/expression.o
LOAD picoc/heap.o
LOAD picoc/type.o
LOAD picoc/variable.o
LOAD picoc/clibrary.o
LOAD picoc/library_surveyor.o
LOAD picoc/platform.o
LOAD picoc/platform_surveyor.o
LOAD r8x8dct.o
LOAD math.o
LOAD setjmp.o
LOAD motionvect.o
LOAD c:\program files (x86)\analog devices\gnu toolchain\2008r1.5\elf\bin\../bfin-elf/lib\libbffastfp.a
OUTPUT(srv1.bin elf32-bfin)

.debug_abbrev   0x00000000     0x334a
 .debug_abbrev  0x00000000       0xcf camera.o
 .debug_abbrev  0x000000cf       0xfc edit.o
 .debug_abbrev  0x000001cb      0x25c httpd.o
 .debug_abbrev  0x00000427       0x8a i2c.o
 .debug_abbrev  0x000004b1      0x1d8 stm_m25p32.o
 .debug_abbrev  0x00000689      0x1d3 printf.o
 .debug_abbrev  0x0000085c      0x183 xmodem.o
 .debug_abbrev  0x000009df      0x1b7 gps.o
 .debug_abbrev  0x00000b96      0x198 myfunc.o
 .debug_abbrev  0x00000d2e       0xa6 main.o
 .debug_abbrev  0x00000dd4      0x14c malloc.o
 .debug_abbrev  0x00000f20      0x222 string.o
 .debug_abbrev  0x00001142      0x25c srv.o
 .debug_abbrev  0x0000139e      0x148 uart.o
 .debug_abbrev  0x000014e6      0x1dd colors.o
 .debug_abbrev  0x000016c3      0x186 jpeg.o
 .debug_abbrev  0x00001849      0x114 neural.o
 .debug_abbrev  0x0000195d       0x45 init.o
 .debug_abbrev  0x000019a2       0xf8 sdcard.o
 .debug_abbrev  0x00001a9a      0x15f picoc/picoc.o
 .debug_abbrev  0x00001bf9      0x234 picoc/table.o
 .debug_abbrev  0x00001e2d      0x264 picoc/lex.o
 .debug_abbrev  0x00002091      0x28b picoc/parse.o
 .debug_abbrev  0x0000231c      0x27d picoc/expression.o
 .debug_abbrev  0x00002599      0x168 picoc/heap.o
 .debug_abbrev  0x00002701      0x256 picoc/type.o
 .debug_abbrev  0x00002957      0x1e7 picoc/variable.o
 .debug_abbrev  0x00002b3e      0x2af picoc/clibrary.o
 .debug_abbrev  0x00002ded      0x27f picoc/library_surveyor.o
 .debug_abbrev  0x0000306c      0x17b picoc/platform.o
 .debug_abbrev  0x000031e7      0x163 picoc/platform_surveyor.o

.debug_info     0x00000000    0x12534
 .debug_info    0x00000000      0x136 camera.o
 .debug_info    0x00000136      0x25a edit.o
 .debug_info    0x00000390      0xc25 httpd.o
 .debug_info    0x00000fb5      0x1b5 i2c.o
 .debug_info    0x0000116a      0x604 stm_m25p32.o
 .debug_info    0x0000176e      0x4de printf.o
 .debug_info    0x00001c4c      0x3e3 xmodem.o
 .debug_info    0x0000202f      0x622 gps.o
 .debug_info    0x00002651      0x5b8 myfunc.o
 .debug_info    0x00002c09      0x131 main.o
 .debug_info    0x00002d3a      0x2ad malloc.o
 .debug_info    0x00002fe7      0x8e9 string.o
 .debug_info    0x000038d0     0x21bb srv.o
 .debug_info    0x00005a8b      0x520 uart.o
 .debug_info    0x00005fab      0xc64 colors.o
 .debug_info    0x00006c0f      0xb0b jpeg.o
 .debug_info    0x0000771a      0x4ab neural.o
 .debug_info    0x00007bc5       0x64 init.o
 .debug_info    0x00007c29      0x40f sdcard.o
 .debug_info    0x00008038      0x5fe picoc/picoc.o
 .debug_info    0x00008636      0x98e picoc/table.o
 .debug_info    0x00008fc4     0x1062 picoc/lex.o
 .debug_info    0x0000a026      0xd87 picoc/parse.o
 .debug_info    0x0000adad     0x14e5 picoc/expression.o
 .debug_info    0x0000c292      0x367 picoc/heap.o
 .debug_info    0x0000c5f9      0xe35 picoc/type.o
 .debug_info    0x0000d42e      0xc38 picoc/variable.o
 .debug_info    0x0000e066     0x1246 picoc/clibrary.o
 .debug_info    0x0000f2ac     0x2752 picoc/library_surveyor.o
 .debug_info    0x000119fe      0x862 picoc/platform.o
 .debug_info    0x00012260      0x2d4 picoc/platform_surveyor.o

.debug_line     0x00000000     0x445b
 .debug_line    0x00000000       0x72 camera.o
 .debug_line    0x00000072       0xda edit.o
 .debug_line    0x0000014c      0x49b httpd.o
 .debug_line    0x000005e7       0xd2 i2c.o
 .debug_line    0x000006b9      0x1ac stm_m25p32.o
 .debug_line    0x00000865      0x1a1 printf.o
 .debug_line    0x00000a06      0x139 xmodem.o
 .debug_line    0x00000b3f      0x2af gps.o
 .debug_line    0x00000dee      0x15f myfunc.o
 .debug_line    0x00000f4d      0x163 main.o
 .debug_line    0x000010b0       0xaf malloc.o
 .debug_line    0x0000115f      0x1eb string.o
 .debug_line    0x0000134a      0xbd4 srv.o
 .debug_line    0x00001f1e      0x14a uart.o
 .debug_line    0x00002068      0x3b9 colors.o
 .debug_line    0x00002421      0x315 jpeg.o
 .debug_line    0x00002736      0x127 neural.o
 .debug_line    0x0000285d       0x53 init.o
 .debug_line    0x000028b0      0x114 sdcard.o
 .debug_line    0x000029c4       0xa4 picoc/picoc.o
 .debug_line    0x00002a68       0xfe picoc/table.o
 .debug_line    0x00002b66      0x3b1 picoc/lex.o
 .debug_line    0x00002f17      0x2e8 picoc/parse.o
 .debug_line    0x000031ff      0x547 picoc/expression.o
 .debug_line    0x00003746      0x101 picoc/heap.o
 .debug_line    0x00003847      0x22f picoc/type.o
 .debug_line    0x00003a76      0x17a picoc/variable.o
 .debug_line    0x00003bf0      0x23a picoc/clibrary.o
 .debug_line    0x00003e2a      0x469 picoc/library_surveyor.o
 .debug_line    0x00004293      0x118 picoc/platform.o
 .debug_line    0x000043ab       0xb0 picoc/platform_surveyor.o

.debug_frame    0x00000000     0x3ec8
 .debug_frame   0x00000000       0x4c camera.o
 .debug_frame   0x0000004c      0x100 edit.o
 .debug_frame   0x0000014c       0xd0 httpd.o
 .debug_frame   0x0000021c       0x50 i2c.o
 .debug_frame   0x0000026c      0x214 stm_m25p32.o
 .debug_frame   0x00000480      0x110 printf.o
 .debug_frame   0x00000590       0xc8 xmodem.o
 .debug_frame   0x00000658      0x1ac gps.o
 .debug_frame   0x00000804       0xf8 myfunc.o
 .debug_frame   0x000008fc       0x3c main.o
 .debug_frame   0x00000938       0x94 malloc.o
 .debug_frame   0x000009cc      0x268 string.o
 .debug_frame   0x00000c34      0xc58 srv.o
 .debug_frame   0x0000188c      0x208 uart.o
 .debug_frame   0x00001a94      0x27c colors.o
 .debug_frame   0x00001d10      0x1b0 jpeg.o
 .debug_frame   0x00001ec0      0x16c neural.o
 .debug_frame   0x0000202c       0xa4 init.o
 .debug_frame   0x000020d0      0x1a8 sdcard.o
 .debug_frame   0x00002278       0x74 picoc/picoc.o
 .debug_frame   0x000022ec      0x150 picoc/table.o
 .debug_frame   0x0000243c      0x2bc picoc/lex.o
 .debug_frame   0x000026f8      0x1e8 picoc/parse.o
 .debug_frame   0x000028e0      0x334 picoc/expression.o
 .debug_frame   0x00002c14       0xcc picoc/heap.o
 .debug_frame   0x00002ce0      0x1e0 picoc/type.o
 .debug_frame   0x00002ec0      0x2d0 picoc/variable.o
 .debug_frame   0x00003190      0x348 picoc/clibrary.o
 .debug_frame   0x000034d8      0x860 picoc/library_surveyor.o
 .debug_frame   0x00003d38       0xf0 picoc/platform.o
 .debug_frame   0x00003e28       0xa0 picoc/platform_surveyor.o

.debug_loc      0x00000000    0x1682b
 .debug_loc     0x00000000       0x5b camera.o
 .debug_loc     0x0000005b      0x2e0 edit.o
 .debug_loc     0x0000033b     0x1a89 httpd.o
 .debug_loc     0x00001dc4      0x2fc i2c.o
 .debug_loc     0x000020c0      0x89e stm_m25p32.o
 .debug_loc     0x0000295e      0xae4 printf.o
 .debug_loc     0x00003442      0x6b7 xmodem.o
 .debug_loc     0x00003af9      0xfab gps.o
 .debug_loc     0x00004aa4      0x5f9 myfunc.o
 .debug_loc     0x0000509d       0xd2 main.o
 .debug_loc     0x0000516f      0x1e1 malloc.o
 .debug_loc     0x00005350      0xd8a string.o
 .debug_loc     0x000060da     0x2c49 srv.o
 .debug_loc     0x00008d23      0x72d uart.o
 .debug_loc     0x00009450     0x126f colors.o
 .debug_loc     0x0000a6bf     0x14f7 jpeg.o
 .debug_loc     0x0000bbb6      0x460 neural.o
 .debug_loc     0x0000c016      0x122 init.o
 .debug_loc     0x0000c138      0x6b5 sdcard.o
 .debug_loc     0x0000c7ed       0xfa picoc/picoc.o
 .debug_loc     0x0000c8e7      0x613 picoc/table.o
 .debug_loc     0x0000cefa     0x10d2 picoc/lex.o
 .debug_loc     0x0000dfcc      0xbeb picoc/parse.o
 .debug_loc     0x0000ebb7     0x230a picoc/expression.o
 .debug_loc     0x00010ec1      0x2f2 picoc/heap.o
 .debug_loc     0x000111b3      0x993 picoc/type.o
 .debug_loc     0x00011b46      0xd12 picoc/variable.o
 .debug_loc     0x00012858     0x1170 picoc/clibrary.o
 .debug_loc     0x000139c8     0x25f7 picoc/library_surveyor.o
 .debug_loc     0x00015fbf      0x64b picoc/platform.o
 .debug_loc     0x0001660a      0x221 picoc/platform_surveyor.o

.debug_pubnames
                0x00000000     0x343a
 .debug_pubnames
                0x00000000       0x59 camera.o
 .debug_pubnames
                0x00000059       0xf4 edit.o
 .debug_pubnames
                0x0000014d       0xb4 httpd.o
 .debug_pubnames
                0x00000201       0x49 i2c.o
 .debug_pubnames
                0x0000024a      0x120 stm_m25p32.o
 .debug_pubnames
                0x0000036a       0x44 printf.o
 .debug_pubnames
                0x000003ae       0x5d xmodem.o
 .debug_pubnames
                0x0000040b       0xfb gps.o
 .debug_pubnames
                0x00000506      0x1c6 myfunc.o
 .debug_pubnames
                0x000006cc       0x77 main.o
 .debug_pubnames
                0x00000743       0xe3 malloc.o
 .debug_pubnames
                0x00000826      0x144 string.o
 .debug_pubnames
                0x0000096a      0xbe3 srv.o
 .debug_pubnames
                0x0000154d      0x1bc uart.o
 .debug_pubnames
                0x00001709      0x165 colors.o
 .debug_pubnames
                0x0000186e      0x2cc jpeg.o
 .debug_pubnames
                0x00001b3a      0x176 neural.o
 .debug_pubnames
                0x00001cb0       0x1f init.o
 .debug_pubnames
                0x00001ccf      0x12d sdcard.o
 .debug_pubnames
                0x00001dfc       0x93 picoc/picoc.o
 .debug_pubnames
                0x00001e8f      0x13d picoc/table.o
 .debug_pubnames
                0x00001fcc      0x225 picoc/lex.o
 .debug_pubnames
                0x000021f1      0x163 picoc/parse.o
 .debug_pubnames
                0x00002354      0x2b9 picoc/expression.o
 .debug_pubnames
                0x0000260d      0x122 picoc/heap.o
 .debug_pubnames
                0x0000272f      0x275 picoc/type.o
 .debug_pubnames
                0x000029a4      0x2d0 picoc/variable.o
 .debug_pubnames
                0x00002c74      0x216 picoc/clibrary.o
 .debug_pubnames
                0x00002e8a      0x3de picoc/library_surveyor.o
 .debug_pubnames
                0x00003268       0xf5 picoc/platform.o
 .debug_pubnames
                0x0000335d       0xdd picoc/platform_surveyor.o

.debug_aranges  0x00000000      0x3e0
 .debug_aranges
                0x00000000       0x20 camera.o
 .debug_aranges
                0x00000020       0x20 edit.o
 .debug_aranges
                0x00000040       0x20 httpd.o
 .debug_aranges
                0x00000060       0x20 i2c.o
 .debug_aranges
                0x00000080       0x20 stm_m25p32.o
 .debug_aranges
                0x000000a0       0x20 printf.o
 .debug_aranges
                0x000000c0       0x20 xmodem.o
 .debug_aranges
                0x000000e0       0x20 gps.o
 .debug_aranges
                0x00000100       0x20 myfunc.o
 .debug_aranges
                0x00000120       0x20 main.o
 .debug_aranges
                0x00000140       0x20 malloc.o
 .debug_aranges
                0x00000160       0x20 string.o
 .debug_aranges
                0x00000180       0x20 srv.o
 .debug_aranges
                0x000001a0       0x20 uart.o
 .debug_aranges
                0x000001c0       0x20 colors.o
 .debug_aranges
                0x000001e0       0x20 jpeg.o
 .debug_aranges
                0x00000200       0x20 neural.o
 .debug_aranges
                0x00000220       0x20 init.o
 .debug_aranges
                0x00000240       0x20 sdcard.o
 .debug_aranges
                0x00000260       0x20 picoc/picoc.o
 .debug_aranges
                0x00000280       0x20 picoc/table.o
 .debug_aranges
                0x000002a0       0x20 picoc/lex.o
 .debug_aranges
                0x000002c0       0x20 picoc/parse.o
 .debug_aranges
                0x000002e0       0x20 picoc/expression.o
 .debug_aranges
                0x00000300       0x20 picoc/heap.o
 .debug_aranges
                0x00000320       0x20 picoc/type.o
 .debug_aranges
                0x00000340       0x20 picoc/variable.o
 .debug_aranges
                0x00000360       0x20 picoc/clibrary.o
 .debug_aranges
                0x00000380       0x20 picoc/library_surveyor.o
 .debug_aranges
                0x000003a0       0x20 picoc/platform.o
 .debug_aranges
                0x000003c0       0x20 picoc/platform_surveyor.o

.debug_str      0x00000000     0x3ef4
 .debug_str     0x00000000       0xc8 camera.o
                                 0xce (size before relaxing)
 .debug_str     0x000000c8       0xd8 edit.o
                                0x11a (size before relaxing)
 .debug_str     0x000001a0      0x48d httpd.o
                                0x575 (size before relaxing)
 .debug_str     0x0000062d       0x4d i2c.o
                                 0xac (size before relaxing)
 .debug_str     0x0000067a      0x25a stm_m25p32.o
                                0x2f7 (size before relaxing)
 .debug_str     0x000008d4       0xc7 printf.o
                                0x143 (size before relaxing)
 .debug_str     0x0000099b       0xce xmodem.o
                                0x13e (size before relaxing)
 .debug_str     0x00000a69       0xa1 gps.o
                                0x183 (size before relaxing)
 .debug_str     0x00000b0a      0x156 myfunc.o
                                0x2b0 (size before relaxing)
 .debug_str     0x00000c60       0x11 main.o
                                 0xc0 (size before relaxing)
 .debug_str     0x00000c71       0x6a malloc.o
                                0x107 (size before relaxing)
 .debug_str     0x00000cdb      0x12f string.o
                                0x1be (size before relaxing)
 .debug_str     0x00000e0a      0x8c8 srv.o
                                0xbe4 (size before relaxing)
 .debug_str     0x000016d2      0x153 uart.o
                                0x24a (size before relaxing)
 .debug_str     0x00001825       0xe8 colors.o
                                0x202 (size before relaxing)
 .debug_str     0x0000190d      0x434 jpeg.o
                                0x4f6 (size before relaxing)
 .debug_str     0x00001d41       0xd9 neural.o
                                0x19e (size before relaxing)
 .debug_str     0x00001e1a       0x43 init.o
                                 0x6d (size before relaxing)
 .debug_str     0x00001e5d       0xc9 sdcard.o
                                0x176 (size before relaxing)
 .debug_str     0x00001f26      0x2b5 picoc/picoc.o
                                0x436 (size before relaxing)
 .debug_str     0x000021db      0x11f picoc/table.o
                                0x4f0 (size before relaxing)
 .debug_str     0x000022fa      0x899 picoc/lex.o
                                0xcad (size before relaxing)
 .debug_str     0x00002b93      0x29f picoc/parse.o
                                0xbe2 (size before relaxing)
 .debug_str     0x00002e32      0x4f6 picoc/expression.o
                                0xed8 (size before relaxing)
 .debug_str     0x00003328      0x123 picoc/heap.o
                                0x20b (size before relaxing)
 .debug_str     0x0000344b      0x1c7 picoc/type.o
                                0xbc8 (size before relaxing)
 .debug_str     0x00003612      0x266 picoc/variable.o
                                0x70e (size before relaxing)
 .debug_str     0x00003878      0x259 picoc/clibrary.o
                                0x6c5 (size before relaxing)
 .debug_str     0x00003ad1      0x2fa picoc/library_surveyor.o
                                0x893 (size before relaxing)
 .debug_str     0x00003dcb       0xb9 picoc/platform.o
                                0x4fd (size before relaxing)
 .debug_str     0x00003e84       0x70 picoc/platform_surveyor.o
                                0x21d (size before relaxing)

.comment        0x00000000      0x364
 .comment       0x00000000       0x1c camera.o
 .comment       0x0000001c       0x1c edit.o
 .comment       0x00000038       0x1c httpd.o
 .comment       0x00000054       0x1c i2c.o
 .comment       0x00000070       0x1c stm_m25p32.o
 .comment       0x0000008c       0x1c printf.o
 .comment       0x000000a8       0x1c xmodem.o
 .comment       0x000000c4       0x1c gps.o
 .comment       0x000000e0       0x1c myfunc.o
 .comment       0x000000fc       0x1c main.o
 .comment       0x00000118       0x1c malloc.o
 .comment       0x00000134       0x1c string.o
 .comment       0x00000150       0x1c srv.o
 .comment       0x0000016c       0x1c uart.o
 .comment       0x00000188       0x1c colors.o
 .comment       0x000001a4       0x1c jpeg.o
 .comment       0x000001c0       0x1c neural.o
 .comment       0x000001dc       0x1c init.o
 .comment       0x000001f8       0x1c sdcard.o
 .comment       0x00000214       0x1c picoc/picoc.o
 .comment       0x00000230       0x1c picoc/table.o
 .comment       0x0000024c       0x1c picoc/lex.o
 .comment       0x00000268       0x1c picoc/parse.o
 .comment       0x00000284       0x1c picoc/expression.o
 .comment       0x000002a0       0x1c picoc/heap.o
 .comment       0x000002bc       0x1c picoc/type.o
 .comment       0x000002d8       0x1c picoc/variable.o
 .comment       0x000002f4       0x1c picoc/clibrary.o
 .comment       0x00000310       0x1c picoc/library_surveyor.o
 .comment       0x0000032c       0x1c picoc/platform.o
 .comment       0x00000348       0x1c picoc/platform_surveyor.o

.debug_ranges   0x00000000      0x878
 .debug_ranges  0x00000000      0x2c8 httpd.o
 .debug_ranges  0x000002c8       0x28 printf.o
 .debug_ranges  0x000002f0       0x70 xmodem.o
 .debug_ranges  0x00000360       0x78 string.o
 .debug_ranges  0x000003d8       0x38 init.o
 .debug_ranges  0x00000410       0xb8 picoc/table.o
 .debug_ranges  0x000004c8       0x80 picoc/lex.o
 .debug_ranges  0x00000548       0x48 picoc/parse.o
 .debug_ranges  0x00000590      0x290 picoc/expression.o
 .debug_ranges  0x00000820       0x18 picoc/type.o
 .debug_ranges  0x00000838       0x40 picoc/clibrary.o
